../Core/Src/stm32g4xx_it.c:74:6:NMI_Handler	4	static
../Core/Src/stm32g4xx_it.c:89:6:HardFault_Handler	4	static
../Core/Src/stm32g4xx_it.c:104:6:MemManage_Handler	4	static
../Core/Src/stm32g4xx_it.c:119:6:BusFault_Handler	4	static
../Core/Src/stm32g4xx_it.c:134:6:UsageFault_Handler	4	static
../Core/Src/stm32g4xx_it.c:149:6:SVC_Handler	4	static
../Core/Src/stm32g4xx_it.c:162:6:DebugMon_Handler	4	static
../Core/Src/stm32g4xx_it.c:175:6:PendSV_Handler	4	static
../Core/Src/stm32g4xx_it.c:188:6:SysTick_Handler	4	static
../Core/Src/stm32g4xx_it.c:209:6:DMA1_Channel1_IRQHandler	8	static
../Core/Src/stm32g4xx_it.c:223:6:ADC1_2_IRQHandler	8	static
../Core/Src/stm32g4xx_it.c:237:6:TIM1_CC_IRQHandler	8	static
../Core/Src/stm32g4xx_it.c:258:6:USART2_IRQHandler	8	static
../Core/Src/stm32g4xx_it.c:272:6:EXTI15_10_IRQHandler	8	static
../Core/Src/stm32g4xx_it.c:286:6:TIM6_DAC_IRQHandler	8	static
