../Core/Src/stm32g4xx_it.c:75:6:NMI_Handler	4	static
../Core/Src/stm32g4xx_it.c:90:6:HardFault_Handler	4	static
../Core/Src/stm32g4xx_it.c:105:6:MemManage_Handler	4	static
../Core/Src/stm32g4xx_it.c:120:6:BusFault_Handler	4	static
../Core/Src/stm32g4xx_it.c:135:6:UsageFault_Handler	4	static
../Core/Src/stm32g4xx_it.c:150:6:SVC_Handler	4	static
../Core/Src/stm32g4xx_it.c:163:6:DebugMon_Handler	4	static
../Core/Src/stm32g4xx_it.c:176:6:PendSV_Handler	4	static
../Core/Src/stm32g4xx_it.c:189:6:SysTick_Handler	4	static
../Core/Src/stm32g4xx_it.c:210:6:DMA1_Channel1_IRQHandler	8	static
../Core/Src/stm32g4xx_it.c:224:6:ADC1_2_IRQHandler	8	static
../Core/Src/stm32g4xx_it.c:238:6:TIM1_CC_IRQHandler	8	static
../Core/Src/stm32g4xx_it.c:259:6:USART2_IRQHandler	8	static
../Core/Src/stm32g4xx_it.c:273:6:EXTI15_10_IRQHandler	8	static
../Core/Src/stm32g4xx_it.c:287:6:TIM5_IRQHandler	8	static
../Core/Src/stm32g4xx_it.c:301:6:TIM6_DAC_IRQHandler	8	static
